[01mRunning Sphinx v8.1.3[39;49;00m
[01mloading translations [en]... [39;49;00mdone
Initializing Spelling Checker 8.0.2
[01m[AutoAPI] [39;49;00m[32mIgnoring directory: /opt/airflow/task-sdk/src/airflow/sdk/api/[39;49;00m
[01m[AutoAPI] [39;49;00m[32mIgnoring directory: /opt/airflow/task-sdk/src/airflow/sdk/execution_time/[39;49;00m
[01m[AutoAPI] [39;49;00m[32mIgnoring directory: /opt/airflow/task-sdk/src/airflow/sdk/definitions/_internal/[39;49;00m
[01m[01m[AutoAPI] Reading files... [39;49;00m[39;49;00m[  1%] [32m/opt/airflow/task-sdk/src/airflow/__init__.py[39;49;00m
[01m[01m[AutoAPI] Reading files... [39;49;00m[39;49;00m[  2%] [32m/opt/airflow/task-sdk/src/airflow/sdk/__init__.pyi[39;49;00m
[01m[01m[AutoAPI] Reading files... [39;49;00m[39;49;00m[  3%] [32m/opt/airflow/task-sdk/src/airflow/sdk/timezone.py[39;49;00m
[01m[01m[AutoAPI] Reading files... [39;49;00m[39;49;00m[  4%] [32m/opt/airflow/task-sdk/src/airflow/sdk/providers_manager_runtime.py[39;49;00m
[01m[01m[AutoAPI] Reading files... [39;49;00m[39;49;00m[  6%] [32m/opt/airflow/task-sdk/src/airflow/sdk/plugins_manager.py[39;49;00m
[01m[01m[AutoAPI] Reading files... [39;49;00m[39;49;00m[  7%] [32m/opt/airflow/task-sdk/src/airflow/sdk/exceptions.py[39;49;00m
[01m[01m[AutoAPI] Reading files... [39;49;00m[39;49;00m[  8%] [32m/opt/airflow/task-sdk/src/airflow/sdk/yaml.py[39;49;00m
[01m[01m[AutoAPI] Reading files... [39;49;00m[39;49;00m[  9%] [32m/opt/airflow/task-sdk/src/airflow/sdk/lineage.py[39;49;00m
[01m[01m[AutoAPI] Reading files... [39;49;00m[39;49;00m[ 10%] [32m/opt/airflow/task-sdk/src/airflow/sdk/crypto.py[39;49;00m
[01m[01m[AutoAPI] Reading files... [39;49;00m[39;49;00m[ 11%] [32m/opt/airflow/task-sdk/src/airflow/sdk/types.py[39;49;00m
[01m[01m[AutoAPI] Reading files... [39;49;00m[39;49;00m[ 12%] [32m/opt/airflow/task-sdk/src/airflow/sdk/configuration.py[39;49;00m
[01m[01m[AutoAPI] Reading files... [39;49;00m[39;49;00m[ 13%] [32m/opt/airflow/task-sdk/src/airflow/sdk/listener.py[39;49;00m
[01m[01m[AutoAPI] Reading files... [39;49;00m[39;49;00m[ 15%] [32m/opt/airflow/task-sdk/src/airflow/sdk/module_loading.py[39;49;00m
[01m[01m[AutoAPI] Reading files... [39;49;00m[39;49;00m[ 16%] [32m/opt/airflow/task-sdk/src/airflow/sdk/log.py[39;49;00m
[01m[01m[AutoAPI] Reading files... [39;49;00m[39;49;00m[ 17%] [32m/opt/airflow/task-sdk/src/airflow/sdk/serde/typing.py[39;49;00m
[01m[01m[AutoAPI] Reading files... [39;49;00m[39;49;00m[ 18%] [32m/opt/airflow/task-sdk/src/airflow/sdk/serde/__init__.py[39;49;00m
[01m[01m[AutoAPI] Reading files... [39;49;00m[39;49;00m[ 19%] [32m/opt/airflow/task-sdk/src/airflow/sdk/serde/serializers/builtin.py[39;49;00m
[01m[01m[AutoAPI] Reading files... [39;49;00m[39;49;00m[ 20%] [32m/opt/airflow/task-sdk/src/airflow/sdk/serde/serializers/timezone.py[39;49;00m
[01m[01m[AutoAPI] Reading files... [39;49;00m[39;49;00m[ 21%] [32m/opt/airflow/task-sdk/src/airflow/sdk/serde/serializers/bignum.py[39;49;00m
[01m[01m[AutoAPI] Reading files... [39;49;00m[39;49;00m[ 22%] [32m/opt/airflow/task-sdk/src/airflow/sdk/serde/serializers/uuid.py[39;49;00m
[01m[01m[AutoAPI] Reading files... [39;49;00m[39;49;00m[ 24%] [32m/opt/airflow/task-sdk/src/airflow/sdk/serde/serializers/pydantic.py[39;49;00m
[01m[01m[AutoAPI] Reading files... [39;49;00m[39;49;00m[ 25%] [32m/opt/airflow/task-sdk/src/airflow/sdk/serde/serializers/__init__.py[39;49;00m
[01m[01m[AutoAPI] Reading files... [39;49;00m[39;49;00m[ 26%] [32m/opt/airflow/task-sdk/src/airflow/sdk/serde/serializers/deltalake.py[39;49;00m
[01m[01m[AutoAPI] Reading files... [39;49;00m[39;49;00m[ 27%] [32m/opt/airflow/task-sdk/src/airflow/sdk/serde/serializers/datetime.py[39;49;00m
[01m[01m[AutoAPI] Reading files... [39;49;00m[39;49;00m[ 28%] [32m/opt/airflow/task-sdk/src/airflow/sdk/serde/serializers/pandas.py[39;49;00m
[01m[01m[AutoAPI] Reading files... [39;49;00m[39;49;00m[ 29%] [32m/opt/airflow/task-sdk/src/airflow/sdk/serde/serializers/iceberg.py[39;49;00m
[01m[01m[AutoAPI] Reading files... [39;49;00m[39;49;00m[ 30%] [32m/opt/airflow/task-sdk/src/airflow/sdk/serde/serializers/kubernetes.py[39;49;00m
[01m[01m[AutoAPI] Reading files... [39;49;00m[39;49;00m[ 31%] [32m/opt/airflow/task-sdk/src/airflow/sdk/serde/serializers/numpy.py[39;49;00m
[01m[01m[AutoAPI] Reading files... [39;49;00m[39;49;00m[ 33%] [32m/opt/airflow/task-sdk/src/airflow/sdk/io/path.py[39;49;00m
[01m[01m[AutoAPI] Reading files... [39;49;00m[39;49;00m[ 34%] [32m/opt/airflow/task-sdk/src/airflow/sdk/io/fs.py[39;49;00m
[01m[01m[AutoAPI] Reading files... [39;49;00m[39;49;00m[ 35%] [32m/opt/airflow/task-sdk/src/airflow/sdk/io/__init__.py[39;49;00m
[01m[01m[AutoAPI] Reading files... [39;49;00m[39;49;00m[ 36%] [32m/opt/airflow/task-sdk/src/airflow/sdk/io/store.py[39;49;00m
[01m[01m[AutoAPI] Reading files... [39;49;00m[39;49;00m[ 37%] [32m/opt/airflow/task-sdk/src/airflow/sdk/io/typedef.py[39;49;00m
[01m[01m[AutoAPI] Reading files... [39;49;00m[39;49;00m[ 38%] [32m/opt/airflow/task-sdk/src/airflow/sdk/io/stat.py[39;49;00m
[01m[01m[AutoAPI] Reading files... [39;49;00m[39;49;00m[ 39%] [32m/opt/airflow/task-sdk/src/airflow/sdk/bases/decorator.py[39;49;00m
[01m[01m[AutoAPI] Reading files... [39;49;00m[39;49;00m[ 40%] [32m/opt/airflow/task-sdk/src/airflow/sdk/bases/branch.py[39;49;00m
[01m[01m[AutoAPI] Reading files... [39;49;00m[39;49;00m[ 42%] [32m/opt/airflow/task-sdk/src/airflow/sdk/bases/timetable.py[39;49;00m
[01m[01m[AutoAPI] Reading files... [39;49;00m[39;49;00m[ 43%] [32m/opt/airflow/task-sdk/src/airflow/sdk/bases/operatorlink.py[39;49;00m
[01m[01m[AutoAPI] Reading files... [39;49;00m[39;49;00m[ 44%] [32m/opt/airflow/task-sdk/src/airflow/sdk/bases/skipmixin.py[39;49;00m
[01m[01m[AutoAPI] Reading files... [39;49;00m[39;49;00m[ 45%] [32m/opt/airflow/task-sdk/src/airflow/sdk/bases/sensor.py[39;49;00m
[01m[01m[AutoAPI] Reading files... [39;49;00m[39;49;00m[ 46%] [32m/opt/airflow/task-sdk/src/airflow/sdk/bases/__init__.py[39;49;00m
[01m[01m[AutoAPI] Reading files... [39;49;00m[39;49;00m[ 47%] [32m/opt/airflow/task-sdk/src/airflow/sdk/bases/secrets_backend.py[39;49;00m
[01m[01m[AutoAPI] Reading files... [39;49;00m[39;49;00m[ 48%] [32m/opt/airflow/task-sdk/src/airflow/sdk/bases/xcom.py[39;49;00m
[01m[01m[AutoAPI] Reading files... [39;49;00m[39;49;00m[ 49%] [32m/opt/airflow/task-sdk/src/airflow/sdk/bases/operator.py[39;49;00m
[01m[01m[AutoAPI] Reading files... [39;49;00m[39;49;00m[ 51%] [32m/opt/airflow/task-sdk/src/airflow/sdk/bases/notifier.py[39;49;00m
[01m[01m[AutoAPI] Reading files... [39;49;00m[39;49;00m[ 52%] [32m/opt/airflow/task-sdk/src/airflow/sdk/bases/hook.py[39;49;00m
[01m[01m[AutoAPI] Reading files... [39;49;00m[39;49;00m[ 53%] [32m/opt/airflow/task-sdk/src/airflow/sdk/observability/stats.py[39;49;00m
[01m[01m[AutoAPI] Reading files... [39;49;00m[39;49;00m[ 54%] [32m/opt/airflow/task-sdk/src/airflow/sdk/observability/__init__.py[39;49;00m
[01m[01m[AutoAPI] Reading files... [39;49;00m[39;49;00m[ 55%] [32m/opt/airflow/task-sdk/src/airflow/sdk/observability/metrics/stats_utils.py[39;49;00m
[01m[01m[AutoAPI] Reading files... [39;49;00m[39;49;00m[ 56%] [32m/opt/airflow/task-sdk/src/airflow/sdk/observability/metrics/datadog_logger.py[39;49;00m
[01m[01m[AutoAPI] Reading files... [39;49;00m[39;49;00m[ 57%] [32m/opt/airflow/task-sdk/src/airflow/sdk/observability/metrics/__init__.py[39;49;00m
[01m[01m[AutoAPI] Reading files... [39;49;00m[39;49;00m[ 58%] [32m/opt/airflow/task-sdk/src/airflow/sdk/observability/metrics/otel_logger.py[39;49;00m
[01m[01m[AutoAPI] Reading files... [39;49;00m[39;49;00m[ 60%] [32m/opt/airflow/task-sdk/src/airflow/sdk/observability/metrics/statsd_logger.py[39;49;00m
[01m[01m[AutoAPI] Reading files... [39;49;00m[39;49;00m[ 61%] [32m/opt/airflow/task-sdk/src/airflow/sdk/definitions/connection.py[39;49;00m
[01m[01m[AutoAPI] Reading files... [39;49;00m[39;49;00m[ 62%] [32m/opt/airflow/task-sdk/src/airflow/sdk/definitions/param.py[39;49;00m
[01m[01m[AutoAPI] Reading files... [39;49;00m[39;49;00m[ 63%] [32m/opt/airflow/task-sdk/src/airflow/sdk/definitions/taskgroup.py[39;49;00m
[01m[01m[AutoAPI] Reading files... [39;49;00m[39;49;00m[ 64%] [32m/opt/airflow/task-sdk/src/airflow/sdk/definitions/deadline.py[39;49;00m
[01m[01m[AutoAPI] Reading files... [39;49;00m[39;49;00m[ 65%] [32m/opt/airflow/task-sdk/src/airflow/sdk/definitions/operator_resources.py[39;49;00m
[01m[01m[AutoAPI] Reading files... [39;49;00m[39;49;00m[ 66%] [32m/opt/airflow/task-sdk/src/airflow/sdk/definitions/mappedoperator.py[39;49;00m
[01m[01m[AutoAPI] Reading files... [39;49;00m[39;49;00m[ 67%] [32m/opt/airflow/task-sdk/src/airflow/sdk/definitions/callback.py[39;49;00m
[01m[01m[AutoAPI] Reading files... [39;49;00m[39;49;00m[ 69%] [32m/opt/airflow/task-sdk/src/airflow/sdk/definitions/edges.py[39;49;00m
[01m[01m[AutoAPI] Reading files... [39;49;00m[39;49;00m[ 70%] [32m/opt/airflow/task-sdk/src/airflow/sdk/definitions/__init__.py[39;49;00m
[01m[01m[AutoAPI] Reading files... [39;49;00m[39;49;00m[ 71%] [32m/opt/airflow/task-sdk/src/airflow/sdk/definitions/xcom_arg.py[39;49;00m
[01m[01m[AutoAPI] Reading files... [39;49;00m[39;49;00m[ 72%] [32m/opt/airflow/task-sdk/src/airflow/sdk/definitions/context.py[39;49;00m
[01m[01m[AutoAPI] Reading files... [39;49;00m[39;49;00m[ 73%] [32m/opt/airflow/task-sdk/src/airflow/sdk/definitions/template.py[39;49;00m
[01m[01m[AutoAPI] Reading files... [39;49;00m[39;49;00m[ 74%] [32m/opt/airflow/task-sdk/src/airflow/sdk/definitions/dag.py[39;49;00m
[01m[01m[AutoAPI] Reading files... [39;49;00m[39;49;00m[ 75%] [32m/opt/airflow/task-sdk/src/airflow/sdk/definitions/variable.py[39;49;00m
[01m[01m[AutoAPI] Reading files... [39;49;00m[39;49;00m[ 76%] [32m/opt/airflow/task-sdk/src/airflow/sdk/definitions/decorators/__init__.pyi[39;49;00m
[01m[01m[AutoAPI] Reading files... [39;49;00m[39;49;00m[ 78%] [32m/opt/airflow/task-sdk/src/airflow/sdk/definitions/decorators/condition.py[39;49;00m
[01m[01m[AutoAPI] Reading files... [39;49;00m[39;49;00m[ 79%] [32m/opt/airflow/task-sdk/src/airflow/sdk/definitions/decorators/task_group.py[39;49;00m
[01m[01m[AutoAPI] Reading files... [39;49;00m[39;49;00m[ 80%] [32m/opt/airflow/task-sdk/src/airflow/sdk/definitions/decorators/setup_teardown.py[39;49;00m
[01m[01m[AutoAPI] Reading files... [39;49;00m[39;49;00m[ 81%] [32m/opt/airflow/task-sdk/src/airflow/sdk/definitions/timetables/assets.py[39;49;00m
[01m[01m[AutoAPI] Reading files... [39;49;00m[39;49;00m[ 82%] [32m/opt/airflow/task-sdk/src/airflow/sdk/definitions/timetables/_cron.py[39;49;00m
[01m[01m[AutoAPI] Reading files... [39;49;00m[39;49;00m[ 83%] [32m/opt/airflow/task-sdk/src/airflow/sdk/definitions/timetables/_delta.py[39;49;00m
[01m[01m[AutoAPI] Reading files... [39;49;00m[39;49;00m[ 84%] [32m/opt/airflow/task-sdk/src/airflow/sdk/definitions/timetables/trigger.py[39;49;00m
[01m[01m[AutoAPI] Reading files... [39;49;00m[39;49;00m[ 85%] [32m/opt/airflow/task-sdk/src/airflow/sdk/definitions/timetables/__init__.py[39;49;00m
[01m[01m[AutoAPI] Reading files... [39;49;00m[39;49;00m[ 87%] [32m/opt/airflow/task-sdk/src/airflow/sdk/definitions/timetables/simple.py[39;49;00m
[01m[01m[AutoAPI] Reading files... [39;49;00m[39;49;00m[ 88%] [32m/opt/airflow/task-sdk/src/airflow/sdk/definitions/timetables/interval.py[39;49;00m
[01m[01m[AutoAPI] Reading files... [39;49;00m[39;49;00m[ 89%] [32m/opt/airflow/task-sdk/src/airflow/sdk/definitions/timetables/events.py[39;49;00m
[01m[01m[AutoAPI] Reading files... [39;49;00m[39;49;00m[ 90%] [32m/opt/airflow/task-sdk/src/airflow/sdk/definitions/asset/decorators.py[39;49;00m
[01m[01m[AutoAPI] Reading files... [39;49;00m[39;49;00m[ 91%] [32m/opt/airflow/task-sdk/src/airflow/sdk/definitions/asset/metadata.py[39;49;00m
[01m[01m[AutoAPI] Reading files... [39;49;00m[39;49;00m[ 92%] [32m/opt/airflow/task-sdk/src/airflow/sdk/definitions/asset/__init__.py[39;49;00m
[01m[01m[AutoAPI] Reading files... [39;49;00m[39;49;00m[ 93%] [32m/opt/airflow/task-sdk/src/airflow/sdk/definitions/partition_mappers/temporal.py[39;49;00m
[01m[01m[AutoAPI] Reading files... [39;49;00m[39;49;00m[ 94%] [32m/opt/airflow/task-sdk/src/airflow/sdk/definitions/partition_mappers/chain.py[39;49;00m
[01m[01m[AutoAPI] Reading files... [39;49;00m[39;49;00m[ 96%] [32m/opt/airflow/task-sdk/src/airflow/sdk/definitions/partition_mappers/product.py[39;49;00m
[01m[01m[AutoAPI] Reading files... [39;49;00m[39;49;00m[ 97%] [32m/opt/airflow/task-sdk/src/airflow/sdk/definitions/partition_mappers/base.py[39;49;00m
[01m[01m[AutoAPI] Reading files... [39;49;00m[39;49;00m[ 98%] [32m/opt/airflow/task-sdk/src/airflow/sdk/definitions/partition_mappers/__init__.py[39;49;00m
[01m[01m[AutoAPI] Reading files... [39;49;00m[39;49;00m[ 99%] [32m/opt/airflow/task-sdk/src/airflow/sdk/definitions/partition_mappers/allowed_key.py[39;49;00m
[01m[01m[AutoAPI] Reading files... [39;49;00m[39;49;00m[100%] [32m/opt/airflow/task-sdk/src/airflow/sdk/definitions/partition_mappers/identity.py[39;49;00m

[01m[01m[AutoAPI] [39;49;00mMapping Data... [39;49;00m[  1%] [32m/opt/airflow/task-sdk/src/airflow/__init__.py[39;49;00m
[01m[01m[AutoAPI] [39;49;00mMapping Data... [39;49;00m[  2%] [32m/opt/airflow/task-sdk/src/airflow/sdk/__init__.pyi[39;49;00m
[01m[01m[AutoAPI] [39;49;00mMapping Data... [39;49;00m[  3%] [32m/opt/airflow/task-sdk/src/airflow/sdk/timezone.py[39;49;00m
[01m[01m[AutoAPI] [39;49;00mMapping Data... [39;49;00m[  4%] [32m/opt/airflow/task-sdk/src/airflow/sdk/providers_manager_runtime.py[39;49;00m
[01m[01m[AutoAPI] [39;49;00mMapping Data... [39;49;00m[  6%] [32m/opt/airflow/task-sdk/src/airflow/sdk/plugins_manager.py[39;49;00m
[01m[01m[AutoAPI] [39;49;00mMapping Data... [39;49;00m[  7%] [32m/opt/airflow/task-sdk/src/airflow/sdk/exceptions.py[39;49;00m
[01m[01m[AutoAPI] [39;49;00mMapping Data... [39;49;00m[  8%] [32m/opt/airflow/task-sdk/src/airflow/sdk/yaml.py[39;49;00m
[01m[01m[AutoAPI] [39;49;00mMapping Data... [39;49;00m[  9%] [32m/opt/airflow/task-sdk/src/airflow/sdk/lineage.py[39;49;00m
[01m[01m[AutoAPI] [39;49;00mMapping Data... [39;49;00m[ 10%] [32m/opt/airflow/task-sdk/src/airflow/sdk/crypto.py[39;49;00m
[01m[01m[AutoAPI] [39;49;00mMapping Data... [39;49;00m[ 11%] [32m/opt/airflow/task-sdk/src/airflow/sdk/types.py[39;49;00m
[01m[01m[AutoAPI] [39;49;00mMapping Data... [39;49;00m[ 12%] [32m/opt/airflow/task-sdk/src/airflow/sdk/configuration.py[39;49;00m
[01m[01m[AutoAPI] [39;49;00mMapping Data... [39;49;00m[ 13%] [32m/opt/airflow/task-sdk/src/airflow/sdk/listener.py[39;49;00m
[01m[01m[AutoAPI] [39;49;00mMapping Data... [39;49;00m[ 15%] [32m/opt/airflow/task-sdk/src/airflow/sdk/module_loading.py[39;49;00m
[01m[01m[AutoAPI] [39;49;00mMapping Data... [39;49;00m[ 16%] [32m/opt/airflow/task-sdk/src/airflow/sdk/log.py[39;49;00m
[01m[01m[AutoAPI] [39;49;00mMapping Data... [39;49;00m[ 17%] [32m/opt/airflow/task-sdk/src/airflow/sdk/serde/typing.py[39;49;00m
[01m[01m[AutoAPI] [39;49;00mMapping Data... [39;49;00m[ 18%] [32m/opt/airflow/task-sdk/src/airflow/sdk/serde/__init__.py[39;49;00m
[01m[01m[AutoAPI] [39;49;00mMapping Data... [39;49;00m[ 19%] [32m/opt/airflow/task-sdk/src/airflow/sdk/serde/serializers/builtin.py[39;49;00m
[01m[01m[AutoAPI] [39;49;00mMapping Data... [39;49;00m[ 20%] [32m/opt/airflow/task-sdk/src/airflow/sdk/serde/serializers/timezone.py[39;49;00m
[01m[01m[AutoAPI] [39;49;00mMapping Data... [39;49;00m[ 21%] [32m/opt/airflow/task-sdk/src/airflow/sdk/serde/serializers/bignum.py[39;49;00m
[01m[01m[AutoAPI] [39;49;00mMapping Data... [39;49;00m[ 22%] [32m/opt/airflow/task-sdk/src/airflow/sdk/serde/serializers/uuid.py[39;49;00m
[01m[01m[AutoAPI] [39;49;00mMapping Data... [39;49;00m[ 24%] [32m/opt/airflow/task-sdk/src/airflow/sdk/serde/serializers/pydantic.py[39;49;00m
[01m[01m[AutoAPI] [39;49;00mMapping Data... [39;49;00m[ 25%] [32m/opt/airflow/task-sdk/src/airflow/sdk/serde/serializers/__init__.py[39;49;00m
[01m[01m[AutoAPI] [39;49;00mMapping Data... [39;49;00m[ 26%] [32m/opt/airflow/task-sdk/src/airflow/sdk/serde/serializers/deltalake.py[39;49;00m
[01m[01m[AutoAPI] [39;49;00mMapping Data... [39;49;00m[ 27%] [32m/opt/airflow/task-sdk/src/airflow/sdk/serde/serializers/datetime.py[39;49;00m
[01m[01m[AutoAPI] [39;49;00mMapping Data... [39;49;00m[ 28%] [32m/opt/airflow/task-sdk/src/airflow/sdk/serde/serializers/pandas.py[39;49;00m
[01m[01m[AutoAPI] [39;49;00mMapping Data... [39;49;00m[ 29%] [32m/opt/airflow/task-sdk/src/airflow/sdk/serde/serializers/iceberg.py[39;49;00m
[01m[01m[AutoAPI] [39;49;00mMapping Data... [39;49;00m[ 30%] [32m/opt/airflow/task-sdk/src/airflow/sdk/serde/serializers/kubernetes.py[39;49;00m
[01m[01m[AutoAPI] [39;49;00mMapping Data... [39;49;00m[ 31%] [32m/opt/airflow/task-sdk/src/airflow/sdk/serde/serializers/numpy.py[39;49;00m
[01m[01m[AutoAPI] [39;49;00mMapping Data... [39;49;00m[ 33%] [32m/opt/airflow/task-sdk/src/airflow/sdk/io/path.py[39;49;00m
[01m[01m[AutoAPI] [39;49;00mMapping Data... [39;49;00m[ 34%] [32m/opt/airflow/task-sdk/src/airflow/sdk/io/fs.py[39;49;00m
[01m[01m[AutoAPI] [39;49;00mMapping Data... [39;49;00m[ 35%] [32m/opt/airflow/task-sdk/src/airflow/sdk/io/__init__.py[39;49;00m
[01m[01m[AutoAPI] [39;49;00mMapping Data... [39;49;00m[ 36%] [32m/opt/airflow/task-sdk/src/airflow/sdk/io/store.py[39;49;00m
[01m[01m[AutoAPI] [39;49;00mMapping Data... [39;49;00m[ 37%] [32m/opt/airflow/task-sdk/src/airflow/sdk/io/typedef.py[39;49;00m
[01m[01m[AutoAPI] [39;49;00mMapping Data... [39;49;00m[ 38%] [32m/opt/airflow/task-sdk/src/airflow/sdk/io/stat.py[39;49;00m
[01m[01m[AutoAPI] [39;49;00mMapping Data... [39;49;00m[ 39%] [32m/opt/airflow/task-sdk/src/airflow/sdk/bases/decorator.py[39;49;00m
[01m[01m[AutoAPI] [39;49;00mMapping Data... [39;49;00m[ 40%] [32m/opt/airflow/task-sdk/src/airflow/sdk/bases/branch.py[39;49;00m
[01m[01m[AutoAPI] [39;49;00mMapping Data... [39;49;00m[ 42%] [32m/opt/airflow/task-sdk/src/airflow/sdk/bases/timetable.py[39;49;00m
[01m[01m[AutoAPI] [39;49;00mMapping Data... [39;49;00m[ 43%] [32m/opt/airflow/task-sdk/src/airflow/sdk/bases/operatorlink.py[39;49;00m
[01m[01m[AutoAPI] [39;49;00mMapping Data... [39;49;00m[ 44%] [32m/opt/airflow/task-sdk/src/airflow/sdk/bases/skipmixin.py[39;49;00m
[01m[01m[AutoAPI] [39;49;00mMapping Data... [39;49;00m[ 45%] [32m/opt/airflow/task-sdk/src/airflow/sdk/bases/sensor.py[39;49;00m
[01m[01m[AutoAPI] [39;49;00mMapping Data... [39;49;00m[ 46%] [32m/opt/airflow/task-sdk/src/airflow/sdk/bases/__init__.py[39;49;00m
[01m[01m[AutoAPI] [39;49;00mMapping Data... [39;49;00m[ 47%] [32m/opt/airflow/task-sdk/src/airflow/sdk/bases/secrets_backend.py[39;49;00m
[01m[01m[AutoAPI] [39;49;00mMapping Data... [39;49;00m[ 48%] [32m/opt/airflow/task-sdk/src/airflow/sdk/bases/xcom.py[39;49;00m
[01m[01m[AutoAPI] [39;49;00mMapping Data... [39;49;00m[ 49%] [32m/opt/airflow/task-sdk/src/airflow/sdk/bases/operator.py[39;49;00m
[01m[01m[AutoAPI] [39;49;00mMapping Data... [39;49;00m[ 51%] [32m/opt/airflow/task-sdk/src/airflow/sdk/bases/notifier.py[39;49;00m
[01m[01m[AutoAPI] [39;49;00mMapping Data... [39;49;00m[ 52%] [32m/opt/airflow/task-sdk/src/airflow/sdk/bases/hook.py[39;49;00m
[01m[01m[AutoAPI] [39;49;00mMapping Data... [39;49;00m[ 53%] [32m/opt/airflow/task-sdk/src/airflow/sdk/observability/stats.py[39;49;00m
[01m[01m[AutoAPI] [39;49;00mMapping Data... [39;49;00m[ 54%] [32m/opt/airflow/task-sdk/src/airflow/sdk/observability/__init__.py[39;49;00m
[01m[01m[AutoAPI] [39;49;00mMapping Data... [39;49;00m[ 55%] [32m/opt/airflow/task-sdk/src/airflow/sdk/observability/metrics/stats_utils.py[39;49;00m
[01m[01m[AutoAPI] [39;49;00mMapping Data... [39;49;00m[ 56%] [32m/opt/airflow/task-sdk/src/airflow/sdk/observability/metrics/datadog_logger.py[39;49;00m
[01m[01m[AutoAPI] [39;49;00mMapping Data... [39;49;00m[ 57%] [32m/opt/airflow/task-sdk/src/airflow/sdk/observability/metrics/__init__.py[39;49;00m
[01m[01m[AutoAPI] [39;49;00mMapping Data... [39;49;00m[ 58%] [32m/opt/airflow/task-sdk/src/airflow/sdk/observability/metrics/otel_logger.py[39;49;00m
[01m[01m[AutoAPI] [39;49;00mMapping Data... [39;49;00m[ 60%] [32m/opt/airflow/task-sdk/src/airflow/sdk/observability/metrics/statsd_logger.py[39;49;00m
[01m[01m[AutoAPI] [39;49;00mMapping Data... [39;49;00m[ 61%] [32m/opt/airflow/task-sdk/src/airflow/sdk/definitions/connection.py[39;49;00m
[01m[01m[AutoAPI] [39;49;00mMapping Data... [39;49;00m[ 62%] [32m/opt/airflow/task-sdk/src/airflow/sdk/definitions/param.py[39;49;00m
[01m[01m[AutoAPI] [39;49;00mMapping Data... [39;49;00m[ 63%] [32m/opt/airflow/task-sdk/src/airflow/sdk/definitions/taskgroup.py[39;49;00m
[01m[01m[AutoAPI] [39;49;00mMapping Data... [39;49;00m[ 64%] [32m/opt/airflow/task-sdk/src/airflow/sdk/definitions/deadline.py[39;49;00m
[01m[01m[AutoAPI] [39;49;00mMapping Data... [39;49;00m[ 65%] [32m/opt/airflow/task-sdk/src/airflow/sdk/definitions/operator_resources.py[39;49;00m
[01m[01m[AutoAPI] [39;49;00mMapping Data... [39;49;00m[ 66%] [32m/opt/airflow/task-sdk/src/airflow/sdk/definitions/mappedoperator.py[39;49;00m
[01m[01m[AutoAPI] [39;49;00mMapping Data... [39;49;00m[ 67%] [32m/opt/airflow/task-sdk/src/airflow/sdk/definitions/callback.py[39;49;00m
[01m[01m[AutoAPI] [39;49;00mMapping Data... [39;49;00m[ 69%] [32m/opt/airflow/task-sdk/src/airflow/sdk/definitions/edges.py[39;49;00m
[01m[01m[AutoAPI] [39;49;00mMapping Data... [39;49;00m[ 70%] [32m/opt/airflow/task-sdk/src/airflow/sdk/definitions/__init__.py[39;49;00m
[01m[01m[AutoAPI] [39;49;00mMapping Data... [39;49;00m[ 71%] [32m/opt/airflow/task-sdk/src/airflow/sdk/definitions/xcom_arg.py[39;49;00m
[01m[01m[AutoAPI] [39;49;00mMapping Data... [39;49;00m[ 72%] [32m/opt/airflow/task-sdk/src/airflow/sdk/definitions/context.py[39;49;00m
[01m[01m[AutoAPI] [39;49;00mMapping Data... [39;49;00m[ 73%] [32m/opt/airflow/task-sdk/src/airflow/sdk/definitions/template.py[39;49;00m
[01m[01m[AutoAPI] [39;49;00mMapping Data... [39;49;00m[ 74%] [32m/opt/airflow/task-sdk/src/airflow/sdk/definitions/dag.py[39;49;00m
[01m[01m[AutoAPI] [39;49;00mMapping Data... [39;49;00m[ 75%] [32m/opt/airflow/task-sdk/src/airflow/sdk/definitions/variable.py[39;49;00m
[01m[01m[AutoAPI] [39;49;00mMapping Data... [39;49;00m[ 76%] [32m/opt/airflow/task-sdk/src/airflow/sdk/definitions/decorators/__init__.pyi[39;49;00m
[01m[01m[AutoAPI] [39;49;00mMapping Data... [39;49;00m[ 78%] [32m/opt/airflow/task-sdk/src/airflow/sdk/definitions/decorators/condition.py[39;49;00m
[01m[01m[AutoAPI] [39;49;00mMapping Data... [39;49;00m[ 79%] [32m/opt/airflow/task-sdk/src/airflow/sdk/definitions/decorators/task_group.py[39;49;00m
[01m[01m[AutoAPI] [39;49;00mMapping Data... [39;49;00m[ 80%] [32m/opt/airflow/task-sdk/src/airflow/sdk/definitions/decorators/setup_teardown.py[39;49;00m
[01m[01m[AutoAPI] [39;49;00mMapping Data... [39;49;00m[ 81%] [32m/opt/airflow/task-sdk/src/airflow/sdk/definitions/timetables/assets.py[39;49;00m
[01m[01m[AutoAPI] [39;49;00mMapping Data... [39;49;00m[ 82%] [32m/opt/airflow/task-sdk/src/airflow/sdk/definitions/timetables/_cron.py[39;49;00m
[01m[01m[AutoAPI] [39;49;00mMapping Data... [39;49;00m[ 83%] [32m/opt/airflow/task-sdk/src/airflow/sdk/definitions/timetables/_delta.py[39;49;00m
[01m[01m[AutoAPI] [39;49;00mMapping Data... [39;49;00m[ 84%] [32m/opt/airflow/task-sdk/src/airflow/sdk/definitions/timetables/trigger.py[39;49;00m
[01m[01m[AutoAPI] [39;49;00mMapping Data... [39;49;00m[ 85%] [32m/opt/airflow/task-sdk/src/airflow/sdk/definitions/timetables/__init__.py[39;49;00m
[01m[01m[AutoAPI] [39;49;00mMapping Data... [39;49;00m[ 87%] [32m/opt/airflow/task-sdk/src/airflow/sdk/definitions/timetables/simple.py[39;49;00m
[01m[01m[AutoAPI] [39;49;00mMapping Data... [39;49;00m[ 88%] [32m/opt/airflow/task-sdk/src/airflow/sdk/definitions/timetables/interval.py[39;49;00m
[01m[01m[AutoAPI] [39;49;00mMapping Data... [39;49;00m[ 89%] [32m/opt/airflow/task-sdk/src/airflow/sdk/definitions/timetables/events.py[39;49;00m
[01m[01m[AutoAPI] [39;49;00mMapping Data... [39;49;00m[ 90%] [32m/opt/airflow/task-sdk/src/airflow/sdk/definitions/asset/decorators.py[39;49;00m
[01m[01m[AutoAPI] [39;49;00mMapping Data... [39;49;00m[ 91%] [32m/opt/airflow/task-sdk/src/airflow/sdk/definitions/asset/metadata.py[39;49;00m
[01m[01m[AutoAPI] [39;49;00mMapping Data... [39;49;00m[ 92%] [32m/opt/airflow/task-sdk/src/airflow/sdk/definitions/asset/__init__.py[39;49;00m
[01m[01m[AutoAPI] [39;49;00mMapping Data... [39;49;00m[ 93%] [32m/opt/airflow/task-sdk/src/airflow/sdk/definitions/partition_mappers/temporal.py[39;49;00m
[01m[01m[AutoAPI] [39;49;00mMapping Data... [39;49;00m[ 94%] [32m/opt/airflow/task-sdk/src/airflow/sdk/definitions/partition_mappers/chain.py[39;49;00m
[01m[01m[AutoAPI] [39;49;00mMapping Data... [39;49;00m[ 96%] [32m/opt/airflow/task-sdk/src/airflow/sdk/definitions/partition_mappers/product.py[39;49;00m
[01m[01m[AutoAPI] [39;49;00mMapping Data... [39;49;00m[ 97%] [32m/opt/airflow/task-sdk/src/airflow/sdk/definitions/partition_mappers/base.py[39;49;00m
[01m[01m[AutoAPI] [39;49;00mMapping Data... [39;49;00m[ 98%] [32m/opt/airflow/task-sdk/src/airflow/sdk/definitions/partition_mappers/__init__.py[39;49;00m
[01m[01m[AutoAPI] [39;49;00mMapping Data... [39;49;00m[ 99%] [32m/opt/airflow/task-sdk/src/airflow/sdk/definitions/partition_mappers/allowed_key.py[39;49;00m
[01m[01m[AutoAPI] [39;49;00mMapping Data... [39;49;00m[100%] [32m/opt/airflow/task-sdk/src/airflow/sdk/definitions/partition_mappers/identity.py[39;49;00m

[autosummary] generating autosummary for: api.rst, concepts.rst, deferred-vs-async-operators.rst, dynamic-task-mapping.rst, examples.rst, index.rst
loading intersphinx inventory 'airflow' from https://airflow.apache.org/docs/apache-airflow/stable/objects.inv ...
[01mbuilding [mo]: [39;49;00mtargets for 0 po files that are out of date
[01mwriting output... [39;49;00m
[01mbuilding [html]: [39;49;00mtargets for 6 source files that are out of date
[01mupdating environment: [39;49;00m[new config] 6 added, 0 changed, 0 removed
[01mreading sources... [39;49;00m[ 17%] [35mapi[39;49;00m
[01mreading sources... [39;49;00m[ 33%] [35mconcepts[39;49;00m
[01mreading sources... [39;49;00m[ 50%] [35mdeferred-vs-async-operators[39;49;00m
[01mreading sources... [39;49;00m[ 67%] [35mdynamic-task-mapping[39;49;00m
[01mreading sources... [39;49;00m[ 83%] [35mexamples[39;49;00m
[01mreading sources... [39;49;00m[100%] [35mindex[39;49;00m

[01mlooking for now-outdated files... [39;49;00mnone found
[01mpickling environment... [39;49;00mdone
[01mchecking consistency... [39;49;00mdone
[01mpreparing documents... [39;49;00mdone
[01mcopying assets... [39;49;00m
[01mcopying static files... [39;49;00m
Writing evaluated template result to /opt/airflow/generated/_build/docs/task-sdk/stable/_static/basic.css
Writing evaluated template result to /opt/airflow/generated/_build/docs/task-sdk/stable/_static/language_data.js
Writing evaluated template result to /opt/airflow/generated/_build/docs/task-sdk/stable/_static/documentation_options.js
[01mcopying static files: [39;49;00mdone
[01mcopying extra files... [39;49;00m
[01mcopying extra files: [39;49;00mdone
[01mcopying assets: [39;49;00mdone
[01mwriting output... [39;49;00m[ 17%] [32mapi[39;49;00m
[01mwriting output... [39;49;00m[ 33%] [32mconcepts[39;49;00m
[01mwriting output... [39;49;00m[ 50%] [32mdeferred-vs-async-operators[39;49;00m
[01mwriting output... [39;49;00m[ 67%] [32mdynamic-task-mapping[39;49;00m
[01mwriting output... [39;49;00m[ 83%] [32mexamples[39;49;00m
[01mwriting output... [39;49;00m[100%] [32mindex[39;49;00m

[01mgenerating indices... [39;49;00mgenindex done
[01mwriting additional pages... [39;49;00msearch done
[01mcopying images... [39;49;00m[ 50%] [33mimg/airflow-2-approach.png[39;49;00m
[01mcopying images... [39;49;00m[100%] [33mimg/airflow-3-task-sdk.png[39;49;00m

[01mdumping search index in English (code: en)... [39;49;00mdone
[01mdumping object inventory... [39;49;00mdone
[01mbuild succeeded.[39;49;00m

The HTML pages are in generated/_build/docs/task-sdk/stable.
