[01mRunning Sphinx v7.4.7[39;49;00m
[01mloading translations [en]... [39;49;00mdone
Initializing Spelling Checker 8.0.0
[01m[AutoAPI] [39;49;00m[32mIgnoring directory: /opt/airflow/task-sdk/src/airflow/sdk/api/[39;49;00m
[01m[AutoAPI] [39;49;00m[32mIgnoring directory: /opt/airflow/task-sdk/src/airflow/sdk/execution_time/[39;49;00m
[01m[AutoAPI] [39;49;00m[32mIgnoring directory: /opt/airflow/task-sdk/src/airflow/sdk/definitions/_internal/[39;49;00m
[01m[01m[AutoAPI] Reading files... [39;49;00m[39;49;00m[  3%] [32m/opt/airflow/task-sdk/src/airflow/__init__.py[39;49;00m
[01m[01m[AutoAPI] Reading files... [39;49;00m[39;49;00m[  6%] [32m/opt/airflow/task-sdk/src/airflow/sdk/__init__.pyi[39;49;00m
[01m[01m[AutoAPI] Reading files... [39;49;00m[39;49;00m[  9%] [32m/opt/airflow/task-sdk/src/airflow/sdk/log.py[39;49;00m
[01m[01m[AutoAPI] Reading files... [39;49;00m[39;49;00m[ 12%] [32m/opt/airflow/task-sdk/src/airflow/sdk/exceptions.py[39;49;00m
[01m[01m[AutoAPI] Reading files... [39;49;00m[39;49;00m[ 15%] [32m/opt/airflow/task-sdk/src/airflow/sdk/types.py[39;49;00m
[01m[01m[AutoAPI] Reading files... [39;49;00m[39;49;00m[ 18%] [32m/opt/airflow/task-sdk/src/airflow/sdk/definitions/context.py[39;49;00m
[01m[01m[AutoAPI] Reading files... [39;49;00m[39;49;00m[ 21%] [32m/opt/airflow/task-sdk/src/airflow/sdk/definitions/edges.py[39;49;00m
[01m[01m[AutoAPI] Reading files... [39;49;00m[39;49;00m[ 24%] [32m/opt/airflow/task-sdk/src/airflow/sdk/definitions/xcom_arg.py[39;49;00m
[01m[01m[AutoAPI] Reading files... [39;49;00m[39;49;00m[ 26%] [32m/opt/airflow/task-sdk/src/airflow/sdk/definitions/variable.py[39;49;00m
[01m[01m[AutoAPI] Reading files... [39;49;00m[39;49;00m[ 29%] [32m/opt/airflow/task-sdk/src/airflow/sdk/definitions/connection.py[39;49;00m
[01m[01m[AutoAPI] Reading files... [39;49;00m[39;49;00m[ 32%] [32m/opt/airflow/task-sdk/src/airflow/sdk/definitions/taskgroup.py[39;49;00m
[01m[01m[AutoAPI] Reading files... [39;49;00m[39;49;00m[ 35%] [32m/opt/airflow/task-sdk/src/airflow/sdk/definitions/dag.py[39;49;00m
[01m[01m[AutoAPI] Reading files... [39;49;00m[39;49;00m[ 38%] [32m/opt/airflow/task-sdk/src/airflow/sdk/definitions/template.py[39;49;00m
[01m[01m[AutoAPI] Reading files... [39;49;00m[39;49;00m[ 41%] [32m/opt/airflow/task-sdk/src/airflow/sdk/definitions/mappedoperator.py[39;49;00m
[01m[01m[AutoAPI] Reading files... [39;49;00m[39;49;00m[ 44%] [32m/opt/airflow/task-sdk/src/airflow/sdk/definitions/param.py[39;49;00m
[01m[01m[AutoAPI] Reading files... [39;49;00m[39;49;00m[ 47%] [32m/opt/airflow/task-sdk/src/airflow/sdk/definitions/__init__.py[39;49;00m
[01m[01m[AutoAPI] Reading files... [39;49;00m[39;49;00m[ 50%] [32m/opt/airflow/task-sdk/src/airflow/sdk/definitions/asset/metadata.py[39;49;00m
[01m[01m[AutoAPI] Reading files... [39;49;00m[39;49;00m[ 53%] [32m/opt/airflow/task-sdk/src/airflow/sdk/definitions/asset/decorators.py[39;49;00m
[01m[01m[AutoAPI] Reading files... [39;49;00m[39;49;00m[ 56%] [32m/opt/airflow/task-sdk/src/airflow/sdk/definitions/asset/__init__.py[39;49;00m
[01m[01m[AutoAPI] Reading files... [39;49;00m[39;49;00m[ 59%] [32m/opt/airflow/task-sdk/src/airflow/sdk/definitions/decorators/__init__.pyi[39;49;00m
[01m[01m[AutoAPI] Reading files... [39;49;00m[39;49;00m[ 62%] [32m/opt/airflow/task-sdk/src/airflow/sdk/definitions/decorators/task_group.py[39;49;00m
[01m[01m[AutoAPI] Reading files... [39;49;00m[39;49;00m[ 65%] [32m/opt/airflow/task-sdk/src/airflow/sdk/definitions/decorators/setup_teardown.py[39;49;00m
[01m[01m[AutoAPI] Reading files... [39;49;00m[39;49;00m[ 68%] [32m/opt/airflow/task-sdk/src/airflow/sdk/definitions/decorators/condition.py[39;49;00m
[01m[01m[AutoAPI] Reading files... [39;49;00m[39;49;00m[ 71%] [32m/opt/airflow/task-sdk/src/airflow/sdk/bases/sensor.py[39;49;00m
[01m[01m[AutoAPI] Reading files... [39;49;00m[39;49;00m[ 74%] [32m/opt/airflow/task-sdk/src/airflow/sdk/bases/xcom.py[39;49;00m
[01m[01m[AutoAPI] Reading files... [39;49;00m[39;49;00m[ 76%] [32m/opt/airflow/task-sdk/src/airflow/sdk/bases/operator.py[39;49;00m
[01m[01m[AutoAPI] Reading files... [39;49;00m[39;49;00m[ 79%] [32m/opt/airflow/task-sdk/src/airflow/sdk/bases/operatorlink.py[39;49;00m
[01m[01m[AutoAPI] Reading files... [39;49;00m[39;49;00m[ 82%] [32m/opt/airflow/task-sdk/src/airflow/sdk/bases/notifier.py[39;49;00m
[01m[01m[AutoAPI] Reading files... [39;49;00m[39;49;00m[ 85%] [32m/opt/airflow/task-sdk/src/airflow/sdk/bases/decorator.py[39;49;00m
[01m[01m[AutoAPI] Reading files... [39;49;00m[39;49;00m[ 88%] [32m/opt/airflow/task-sdk/src/airflow/sdk/bases/__init__.py[39;49;00m
[01m[01m[AutoAPI] Reading files... [39;49;00m[39;49;00m[ 91%] [32m/opt/airflow/task-sdk/src/airflow/sdk/io/path.py[39;49;00m
[01m[01m[AutoAPI] Reading files... [39;49;00m[39;49;00m[ 94%] [32m/opt/airflow/task-sdk/src/airflow/sdk/io/stat.py[39;49;00m
[01m[01m[AutoAPI] Reading files... [39;49;00m[39;49;00m[ 97%] [32m/opt/airflow/task-sdk/src/airflow/sdk/io/store.py[39;49;00m
[01m[01m[AutoAPI] Reading files... [39;49;00m[39;49;00m[100%] [32m/opt/airflow/task-sdk/src/airflow/sdk/io/__init__.py[39;49;00m

[01m[01m[AutoAPI] [39;49;00mMapping Data... [39;49;00m[  3%] [32m/opt/airflow/task-sdk/src/airflow/__init__.py[39;49;00m
[01m[01m[AutoAPI] [39;49;00mMapping Data... [39;49;00m[  6%] [32m/opt/airflow/task-sdk/src/airflow/sdk/__init__.pyi[39;49;00m
[01m[01m[AutoAPI] [39;49;00mMapping Data... [39;49;00m[  9%] [32m/opt/airflow/task-sdk/src/airflow/sdk/log.py[39;49;00m
[01m[01m[AutoAPI] [39;49;00mMapping Data... [39;49;00m[ 12%] [32m/opt/airflow/task-sdk/src/airflow/sdk/exceptions.py[39;49;00m
[01m[01m[AutoAPI] [39;49;00mMapping Data... [39;49;00m[ 15%] [32m/opt/airflow/task-sdk/src/airflow/sdk/types.py[39;49;00m
[01m[01m[AutoAPI] [39;49;00mMapping Data... [39;49;00m[ 18%] [32m/opt/airflow/task-sdk/src/airflow/sdk/definitions/context.py[39;49;00m
[01m[01m[AutoAPI] [39;49;00mMapping Data... [39;49;00m[ 21%] [32m/opt/airflow/task-sdk/src/airflow/sdk/definitions/edges.py[39;49;00m
[01m[01m[AutoAPI] [39;49;00mMapping Data... [39;49;00m[ 24%] [32m/opt/airflow/task-sdk/src/airflow/sdk/definitions/xcom_arg.py[39;49;00m
[01m[01m[AutoAPI] [39;49;00mMapping Data... [39;49;00m[ 26%] [32m/opt/airflow/task-sdk/src/airflow/sdk/definitions/variable.py[39;49;00m
[01m[01m[AutoAPI] [39;49;00mMapping Data... [39;49;00m[ 29%] [32m/opt/airflow/task-sdk/src/airflow/sdk/definitions/connection.py[39;49;00m
[01m[01m[AutoAPI] [39;49;00mMapping Data... [39;49;00m[ 32%] [32m/opt/airflow/task-sdk/src/airflow/sdk/definitions/taskgroup.py[39;49;00m
[01m[01m[AutoAPI] [39;49;00mMapping Data... [39;49;00m[ 35%] [32m/opt/airflow/task-sdk/src/airflow/sdk/definitions/dag.py[39;49;00m
[01m[01m[AutoAPI] [39;49;00mMapping Data... [39;49;00m[ 38%] [32m/opt/airflow/task-sdk/src/airflow/sdk/definitions/template.py[39;49;00m
[01m[01m[AutoAPI] [39;49;00mMapping Data... [39;49;00m[ 41%] [32m/opt/airflow/task-sdk/src/airflow/sdk/definitions/mappedoperator.py[39;49;00m
[01m[01m[AutoAPI] [39;49;00mMapping Data... [39;49;00m[ 44%] [32m/opt/airflow/task-sdk/src/airflow/sdk/definitions/param.py[39;49;00m
[01m[01m[AutoAPI] [39;49;00mMapping Data... [39;49;00m[ 47%] [32m/opt/airflow/task-sdk/src/airflow/sdk/definitions/__init__.py[39;49;00m
[01m[01m[AutoAPI] [39;49;00mMapping Data... [39;49;00m[ 50%] [32m/opt/airflow/task-sdk/src/airflow/sdk/definitions/asset/metadata.py[39;49;00m
[01m[01m[AutoAPI] [39;49;00mMapping Data... [39;49;00m[ 53%] [32m/opt/airflow/task-sdk/src/airflow/sdk/definitions/asset/decorators.py[39;49;00m
[01m[01m[AutoAPI] [39;49;00mMapping Data... [39;49;00m[ 56%] [32m/opt/airflow/task-sdk/src/airflow/sdk/definitions/asset/__init__.py[39;49;00m
[01m[01m[AutoAPI] [39;49;00mMapping Data... [39;49;00m[ 59%] [32m/opt/airflow/task-sdk/src/airflow/sdk/definitions/decorators/__init__.pyi[39;49;00m
[01m[01m[AutoAPI] [39;49;00mMapping Data... [39;49;00m[ 62%] [32m/opt/airflow/task-sdk/src/airflow/sdk/definitions/decorators/task_group.py[39;49;00m
[01m[01m[AutoAPI] [39;49;00mMapping Data... [39;49;00m[ 65%] [32m/opt/airflow/task-sdk/src/airflow/sdk/definitions/decorators/setup_teardown.py[39;49;00m
[01m[01m[AutoAPI] [39;49;00mMapping Data... [39;49;00m[ 68%] [32m/opt/airflow/task-sdk/src/airflow/sdk/definitions/decorators/condition.py[39;49;00m
[01m[01m[AutoAPI] [39;49;00mMapping Data... [39;49;00m[ 71%] [32m/opt/airflow/task-sdk/src/airflow/sdk/bases/sensor.py[39;49;00m
[01m[01m[AutoAPI] [39;49;00mMapping Data... [39;49;00m[ 74%] [32m/opt/airflow/task-sdk/src/airflow/sdk/bases/xcom.py[39;49;00m
[01m[01m[AutoAPI] [39;49;00mMapping Data... [39;49;00m[ 76%] [32m/opt/airflow/task-sdk/src/airflow/sdk/bases/operator.py[39;49;00m
[01m[01m[AutoAPI] [39;49;00mMapping Data... [39;49;00m[ 79%] [32m/opt/airflow/task-sdk/src/airflow/sdk/bases/operatorlink.py[39;49;00m
[01m[01m[AutoAPI] [39;49;00mMapping Data... [39;49;00m[ 82%] [32m/opt/airflow/task-sdk/src/airflow/sdk/bases/notifier.py[39;49;00m
[01m[01m[AutoAPI] [39;49;00mMapping Data... [39;49;00m[ 85%] [32m/opt/airflow/task-sdk/src/airflow/sdk/bases/decorator.py[39;49;00m
[01m[01m[AutoAPI] [39;49;00mMapping Data... [39;49;00m[ 88%] [32m/opt/airflow/task-sdk/src/airflow/sdk/bases/__init__.py[39;49;00m
[01m[01m[AutoAPI] [39;49;00mMapping Data... [39;49;00m[ 91%] [32m/opt/airflow/task-sdk/src/airflow/sdk/io/path.py[39;49;00m
[01m[01m[AutoAPI] [39;49;00mMapping Data... [39;49;00m[ 94%] [32m/opt/airflow/task-sdk/src/airflow/sdk/io/stat.py[39;49;00m
[01m[01m[AutoAPI] [39;49;00mMapping Data... [39;49;00m[ 97%] [32m/opt/airflow/task-sdk/src/airflow/sdk/io/store.py[39;49;00m
[01m[01m[AutoAPI] [39;49;00mMapping Data... [39;49;00m[100%] [32m/opt/airflow/task-sdk/src/airflow/sdk/io/__init__.py[39;49;00m

[autosummary] generating autosummary for: api.rst, concepts.rst, dynamic-task-mapping.rst, examples.rst, index.rst
loading intersphinx inventory 'airflow' from https://airflow.apache.org/docs/apache-airflow/stable/objects.inv...
[01mbuilding [mo]: [39;49;00mtargets for 0 po files that are out of date
[01mwriting output... [39;49;00m
[01mbuilding [html]: [39;49;00mtargets for 5 source files that are out of date
[01mupdating environment: [39;49;00m[new config] 5 added, 0 changed, 0 removed
[01mreading sources... [39;49;00m[ 20%] [35mapi[39;49;00m
[01mreading sources... [39;49;00m[ 40%] [35mconcepts[39;49;00m
[01mreading sources... [39;49;00m[ 60%] [35mdynamic-task-mapping[39;49;00m
[01mreading sources... [39;49;00m[ 80%] [35mexamples[39;49;00m
[01mreading sources... [39;49;00m[100%] [35mindex[39;49;00m

[01mlooking for now-outdated files... [39;49;00mnone found
[01mpickling environment... [39;49;00mdone
[01mchecking consistency... [39;49;00mdone
[01mpreparing documents... [39;49;00mdone
[01mcopying assets... [39;49;00m
[01mcopying static files... [39;49;00mdone
[01mcopying extra files... [39;49;00mdone
[01mcopying assets: [39;49;00mdone
[01mwriting output... [39;49;00m[ 20%] [32mapi[39;49;00m
[01mwriting output... [39;49;00m[ 40%] [32mconcepts[39;49;00m
[01mwriting output... [39;49;00m[ 60%] [32mdynamic-task-mapping[39;49;00m
[01mwriting output... [39;49;00m[ 80%] [32mexamples[39;49;00m
[01mwriting output... [39;49;00m[100%] [32mindex[39;49;00m

[01mgenerating indices... [39;49;00mgenindex done
[01mwriting additional pages... [39;49;00msearch done
[01mcopying images... [39;49;00m[ 50%] [33mimg/airflow-2-approach.png[39;49;00m
[01mcopying images... [39;49;00m[100%] [33mimg/airflow-3-task-sdk.png[39;49;00m

[01mdumping search index in English (code: en)... [39;49;00mdone
[01mdumping object inventory... [39;49;00mdone
[01mbuild succeeded.[39;49;00m

The HTML pages are in generated/_build/docs/task-sdk/stable.
